module github.com/sirkon/goproxy

require (
        github.com/davecgh/go-spew v1.1.1 // indirect
        github.com/rs/zerolog v1.14.3
)

require github.com/sirkon/message v1.5.1

replace (
        github.com/rs/zerolog => ../../../github.com/rs/zerolog
)

replace (
    github.com/sirkon/message => github.com/sirkon/message v1.5.2
)

exclude github.com/davecgh/go-spew v1.1.3

go 1.13